nodes/WaAkg/GenericFunctions.ts(20,9): error TS2322: Type 'string' is not assignable to type 'IHttpRequestMethods'.
